core_cm4.h:1676:26:__NVIC_GetPriorityGrouping	4	static
core_cm4.h:1688:22:__NVIC_EnableIRQ	16	static
core_cm4.h:1816:22:__NVIC_SetPriority	16	static
core_cm4.h:1863:26:NVIC_EncodePriority	40	static
stm32f3xx_ll_i2c.h:391:22:LL_I2C_Enable	16	static
stm32f3xx_ll_i2c.h:604:22:LL_I2C_EnableClockStretching	16	static
stm32f3xx_ll_i2c.h:724:22:LL_I2C_DisableGeneralCall	16	static
stm32f3xx_ll_i2c.h:835:22:LL_I2C_SetOwnAddress2	24	static
stm32f3xx_ll_i2c.h:857:22:LL_I2C_DisableOwnAddress2	16	static
stm32f3xx_ll_i2c.h:1279:22:LL_I2C_EnableIT_RX	16	static
stm32f3xx_ll_i2c.h:1290:22:LL_I2C_DisableIT_RX	16	static
stm32f3xx_ll_i2c.h:1524:26:LL_I2C_IsActiveFlag_TXIS	16	static
stm32f3xx_ll_i2c.h:1537:26:LL_I2C_IsActiveFlag_RXNE	16	static
stm32f3xx_ll_i2c.h:1576:26:LL_I2C_IsActiveFlag_STOP	16	static
stm32f3xx_ll_i2c.h:1733:22:LL_I2C_ClearFlag_STOP	16	static
stm32f3xx_ll_i2c.h:1838:22:LL_I2C_EnableAutoEndMode	16	static
stm32f3xx_ll_i2c.h:2090:22:LL_I2C_HandleTransfer	24	static
stm32f3xx_ll_i2c.h:2174:25:LL_I2C_ReceiveData8	16	static
stm32f3xx_ll_i2c.h:2186:22:LL_I2C_TransmitData8	16	static
stm32f3xx_ll_bus.h:287:22:LL_AHB1_GRP1_EnableClock	24	static
stm32f3xx_ll_bus.h:537:22:LL_APB1_GRP1_EnableClock	24	static
i2c.c:29:6:MX_I2C1_Init	64	static
i2c.c:76:6:i2c_master_write	32	static
i2c.c:98:10:i2c_master_read	24	static
i2c.c:140:6:I2C1_EV_IRQHandler	16	static
