stm32f3xx_ll_exti.h:1203:26:LL_EXTI_IsActiveFlag_0_31	16	static
stm32f3xx_ll_exti.h:1320:22:LL_EXTI_ClearFlag_0_31	16	static
stm32f3xx_ll_gpio.h:798:26:LL_GPIO_IsInputPinSet	16	static
stm32f3xx_it.c:72:6:NMI_Handler	4	static
stm32f3xx_it.c:85:6:HardFault_Handler	4	static
stm32f3xx_it.c:101:6:MemManage_Handler	4	static
stm32f3xx_it.c:116:6:BusFault_Handler	4	static
stm32f3xx_it.c:131:6:UsageFault_Handler	4	static
stm32f3xx_it.c:146:6:SVC_Handler	4	static
stm32f3xx_it.c:159:6:DebugMon_Handler	4	static
stm32f3xx_it.c:172:6:PendSV_Handler	4	static
stm32f3xx_it.c:185:6:SysTick_Handler	4	static
stm32f3xx_it.c:206:6:EXTI3_IRQHandler	8	static
